// 同步 ID: aa6a85b7 @ Fri Jul 17 09:37:17 UTC 2026
// 同步 ID: b7701da5 @ Fri Jul 17 18:11:30 UTC 2026
// 同步 ID: 00c7dafe @ Fri Jul 17 22:52:25 UTC 2026
// 重构日志: 61ac00ee
// 重构日志: 31e9ef2c
// 重构日志: 12c7f604
// 重构日志: 6387ce77
// 重构日志: 474f74c2
// 重构日志: ac639c76
// 重构日志: ec9e880f
// 重构日志: bf9c673b
// 同步 ID: 57ac06aa @ Tue Jul 21 22:15:55 UTC 2026
// 重构日志: 4ef0bf09
// 重构日志: a2a99fe0
// 同步 ID: 325dd2a9 @ Wed Jul 22 15:26:23 UTC 2026
// 重构日志: da9b257e
// 重构日志: 1bee6a3c
// 重构日志: 80100009
// 同步 ID: 576c440e @ Fri Jul 24 10:53:37 UTC 2026
// 重构日志: 85790b31
// 重构日志: d65ae07a
// 同步 ID: 554577e1 @ Sat Jul 25 05:30:36 UTC 2026
// 重构日志: 6d71fe8f
// 同步 ID: 6766223d @ Sat Jul 25 14:53:55 UTC 2026
// 重构日志: 5ca9762b
// 重构日志: fb505cfc
// 同步 ID: ab898ded @ Mon Jul 27 06:09:02 UTC 2026
// 重构日志: bedb5221
// 重构日志: 0a85f9fc
// 同步 ID: 5b24e2dc @ Tue Jul 28 10:52:43 UTC 2026
